
---------- Module Resource Usage Distribution Estimates (begin) ----------

+------------------------------------------------+----------------+--------+------+--------------+------------------+-----------+------------------+--------------+----------+-----------------+
|                   inst_name                    |      xlr       |  mem   | dsp  |  xlr_logic   | xlr_logic_and_ff | xlr_adder | xlr_adder_and_ff |    xlr_ff    | xlr_srl8 | xlr_srl8_and_ff |
+------------------------------------------------+----------------+--------+------+--------------+------------------+-----------+------------------+--------------+----------+-----------------+
| +top                                           |   45895(591)   | 120(0) | 0(0) |  20408(96)   |    4188(119)     |  1476(0)  |     571(25)      |  19092(351)  |  160(0)  |      0(0)       |
|  +debayer_top                                  |     605(0)     |  4(0)  | 0(0) |    173(0)    |     126.5(0)     |   96(0)   |     62.5(0)      |    147(0)    |   0(0)   |      0(0)       |
|   +inst_line_buffer_debayer                    |     51(51)     |  4(0)  | 0(0) |     4(4)     |       0(0)       |   0(0)    |       9(9)       |    38(38)    |   0(0)   |      0(0)       |
|    +inst_y_buffer                              |      0(0)      |  4(4)  | 0(0) |     0(0)     |       0(0)       |   0(0)    |       0(0)       |     0(0)     |   0(0)   |      0(0)       |
|   +inst_raw_to_rgb                             |    536(536)    |  0(0)  | 0(0) |   169(169)   |   126.5(126.5)   |  96(96)   |    53.5(53.5)    |    91(91)    |   0(0)   |      0(0)       |
|   +inst_rgb_gain                               |     18(18)     |  0(0)  | 0(0) |     0(0)     |       0(0)       |   0(0)    |       0(0)       |    18(18)    |   0(0)   |      0(0)       |
|  +edb_top_autodbg_inst__                       |    3073(0)     | 17(0)  | 0(0) |   1349(0)    |      616(0)      |  104(0)   |      47(0)       |    797(0)    |  160(0)  |      0(0)       |
|   +debug_hub_inst                              |    122(122)    |  0(0)  | 0(0) |    35(35)    |       0(0)       |   0(0)    |       0(0)       |    87(87)    |   0(0)   |      0(0)       |
|   +la0                                         |   2951(1154)   | 17(0)  | 0(0) |  1314(317)   |     616(119)     |  104(39)  |      47(0)       |   710(679)   |  160(0)  |      0(0)       |
|    +axi_crc_i                                  |     37(37)     |  0(0)  | 0(0) |     5(5)     |      32(32)      |   0(0)    |       0(0)       |     0(0)     |   0(0)   |      0(0)       |
|    +GEN_PROBE[0].genblk7.genblk3.trigger_cu    |    152(152)    |  0(0)  | 0(0) |    85(85)    |      67(67)      |   0(0)    |       0(0)       |     0(0)     |   0(0)   |      0(0)       |
|    +GEN_PROBE[1].genblk7.genblk3.trigger_cu    |    152(152)    |  0(0)  | 0(0) |    85(85)    |      67(67)      |   0(0)    |       0(0)       |     0(0)     |   0(0)   |      0(0)       |
|    +GEN_PROBE[2].genblk7.genblk3.trigger_cu    |    443(443)    |  0(0)  | 0(0) |   248(248)   |     195(195)     |   0(0)    |       0(0)       |     0(0)     |   0(0)   |      0(0)       |
|    +la_biu_inst                                |    740(268)    | 17(0)  | 0(0) |   430(172)   |      71(71)      |   2(0)    |      47(0)       |    30(25)    |  160(0)  |      0(0)       |
|     +fifo_with_read_inst                       |    472(281)    | 17(0)  | 0(0) |   258(67)    |       0(0)       |   2(2)    |      47(47)      |     5(5)     | 160(160) |      0(0)       |
|      +simple_dual_port_ram_inst                |    160(160)    | 17(17) | 0(0) |   160(160)   |       0(0)       |   0(0)    |       0(0)       |     0(0)     |   0(0)   |      0(0)       |
|      +transcode_write_addr                     |     31(31)     |  0(0)  | 0(0) |    31(31)    |       0(0)       |   0(0)    |       0(0)       |     0(0)     |   0(0)   |      0(0)       |
|    +trigger_skipper_n                          |    268(268)    |  0(0)  | 0(0) |   140(140)   |      64(64)      |  63(63)   |       0(0)       |     1(1)     |   0(0)   |      0(0)       |
|    +trigger_tu                                 |      5(5)      |  0(0)  | 0(0) |     4(4)     |       1(1)       |   0(0)    |       0(0)       |     0(0)     |   0(0)   |      0(0)       |
|  +soft_mipi_rx_top_inst                        |   4077(194)    | 38(0)  | 0(0) |   2105(80)   |     866(50)      |  225(0)   |      69(12)      |   812(52)    |   0(0)   |      0(0)       |
|   +inst_efx_csi2_rx                            |    3209(0)     | 36(0)  | 0(0) |   1789(0)    |      617(0)      |  154(0)   |      57(0)       |    592(0)    |   0(0)   |      0(0)       |
|    +u_efx_csi2_rx                              |    3209(0)     | 36(0)  | 0(0) |   1789(0)    |      617(0)      |  154(0)   |      57(0)       |    592(0)    |   0(0)   |      0(0)       |
|     +csi2_rx_top_inst                          |    2081(32)    | 36(0)  | 0(0) |   1170(9)    |      460(1)      |  106(0)   |      57(13)      |    288(9)    |   0(0)   |      0(0)       |
|      +depacketizer_inst                        |  404.5(326.5)  |  0(0)  | 0(0) |   240(187)   |   111.5(86.5)    |   0(0)    |       0(0)       |    53(53)    |   0(0)   |      0(0)       |
|       +genblk4.ecc_check_inst                  |     78(78)     |  0(0)  | 0(0) |    53(53)    |      25(25)      |   0(0)    |       0(0)       |     0(0)     |   0(0)   |      0(0)       |
|      +genblk2.lane_aligner_inst                |     108(2)     |  4(0)  | 0(0) |    38(0)     |      18(2)       |   0(0)    |      20(0)       |    32(0)     |   0(0)   |      0(0)       |
|       +genblk1[0].u1_inst                      |     26(0)      |  1(0)  | 0(0) |     9(0)     |       4(0)       |   0(0)    |       5(0)       |     8(0)     |   0(0)   |      0(0)       |
|        +genblk2.efx_resetsync_a_rst            |      2(0)      |  0(0)  | 0(0) |     0(0)     |       0(0)       |   0(0)    |       0(0)       |     2(0)     |   0(0)   |      0(0)       |
|         +active_high.efx_resetsync_active_high |      2(2)      |  0(0)  | 0(0) |     0(0)     |       0(0)       |   0(0)    |       0(0)       |     2(2)     |   0(0)   |      0(0)       |
|        +xefx_fifo_ctl                          |     24(24)     |  0(0)  | 0(0) |     9(9)     |       4(4)       |   0(0)    |       5(5)       |     6(6)     |   0(0)   |      0(0)       |
|        +xefx_fifo_ram                          |      0(0)      |  1(1)  | 0(0) |     0(0)     |       0(0)       |   0(0)    |       0(0)       |     0(0)     |   0(0)   |      0(0)       |
|       +genblk1[1].u1_inst                      |     26(0)      |  1(0)  | 0(0) |     9(0)     |       4(0)       |   0(0)    |       5(0)       |     8(0)     |   0(0)   |      0(0)       |
|        +genblk2.efx_resetsync_a_rst            |      2(0)      |  0(0)  | 0(0) |     0(0)     |       0(0)       |   0(0)    |       0(0)       |     2(0)     |   0(0)   |      0(0)       |
|         +active_high.efx_resetsync_active_high |      2(2)      |  0(0)  | 0(0) |     0(0)     |       0(0)       |   0(0)    |       0(0)       |     2(2)     |   0(0)   |      0(0)       |
|        +xefx_fifo_ctl                          |     24(24)     |  0(0)  | 0(0) |     9(9)     |       4(4)       |   0(0)    |       5(5)       |     6(6)     |   0(0)   |      0(0)       |
|        +xefx_fifo_ram                          |      0(0)      |  1(1)  | 0(0) |     0(0)     |       0(0)       |   0(0)    |       0(0)       |     0(0)     |   0(0)   |      0(0)       |
|       +genblk1[2].u1_inst                      |     28(0)      |  1(0)  | 0(0) |    11(0)     |       4(0)       |   0(0)    |       5(0)       |     8(0)     |   0(0)   |      0(0)       |
|        +genblk2.efx_resetsync_a_rst            |      2(0)      |  0(0)  | 0(0) |     0(0)     |       0(0)       |   0(0)    |       0(0)       |     2(0)     |   0(0)   |      0(0)       |
|         +active_high.efx_resetsync_active_high |      2(2)      |  0(0)  | 0(0) |     0(0)     |       0(0)       |   0(0)    |       0(0)       |     2(2)     |   0(0)   |      0(0)       |
|        +xefx_fifo_ctl                          |     26(26)     |  0(0)  | 0(0) |    11(11)    |       4(4)       |   0(0)    |       5(5)       |     6(6)     |   0(0)   |      0(0)       |
|        +xefx_fifo_ram                          |      0(0)      |  1(1)  | 0(0) |     0(0)     |       0(0)       |   0(0)    |       0(0)       |     0(0)     |   0(0)   |      0(0)       |
|       +genblk1[3].u1_inst                      |     26(0)      |  1(0)  | 0(0) |     9(0)     |       4(0)       |   0(0)    |       5(0)       |     8(0)     |   0(0)   |      0(0)       |
|        +genblk2.efx_resetsync_a_rst            |      2(0)      |  0(0)  | 0(0) |     0(0)     |       0(0)       |   0(0)    |       0(0)       |     2(0)     |   0(0)   |      0(0)       |
|         +active_high.efx_resetsync_active_high |      2(2)      |  0(0)  | 0(0) |     0(0)     |       0(0)       |   0(0)    |       0(0)       |     2(2)     |   0(0)   |      0(0)       |
|        +xefx_fifo_ctl                          |     24(24)     |  0(0)  | 0(0) |     9(9)     |       4(4)       |   0(0)    |       5(5)       |     6(6)     |   0(0)   |      0(0)       |
|        +xefx_fifo_ram                          |      0(0)      |  1(1)  | 0(0) |     0(0)     |       0(0)       |   0(0)    |       0(0)       |     0(0)     |   0(0)   |      0(0)       |
|      +genblk3.byte2pixel_inst                  | 1526.5(501.5)  | 32(0)  | 0(0) |   883(324)   |   329.5(82.5)    |  106(91)  |      24(0)       |    184(4)    |   0(0)   |      0(0)       |
|       +genblk2.depack40bit_inst                |    228(228)    |  0(0)  | 0(0) |   178(178)   |      45(45)      |   0(0)    |       0(0)       |     5(5)     |   0(0)   |      0(0)       |
|       +genblk3.depack48bit_inst                |    144(144)    |  0(0)  | 0(0) |    68(68)    |      52(52)      |   0(0)    |       0(0)       |    24(24)    |   0(0)   |      0(0)       |
|       +genblk4.depack56bit_inst                |  338.5(338.5)  |  0(0)  | 0(0) |   242(242)   |    61.5(61.5)    |   0(0)    |       0(0)       |    35(35)    |   0(0)   |      0(0)       |
|       +genblk5.depack64bit_inst                |   89.5(89.5)   |  0(0)  | 0(0) |    49(49)    |    40.5(40.5)    |   0(0)    |       0(0)       |     0(0)     |   0(0)   |      0(0)       |
|       +syncreg_0                               |      2(2)      |  0(0)  | 0(0) |     0(0)     |       0(0)       |   0(0)    |       0(0)       |     2(2)     |   0(0)   |      0(0)       |
|       +syncreg_1                               |      2(2)      |  0(0)  | 0(0) |     0(0)     |       0(0)       |   0(0)    |       0(0)       |     2(2)     |   0(0)   |      0(0)       |
|       +syncreg_10                              |      2(2)      |  0(0)  | 0(0) |     0(0)     |       0(0)       |   0(0)    |       0(0)       |     2(2)     |   0(0)   |      0(0)       |
|       +syncreg_11                              |      2(2)      |  0(0)  | 0(0) |     0(0)     |       0(0)       |   0(0)    |       0(0)       |     2(2)     |   0(0)   |      0(0)       |
|       +syncreg_12                              |      2(2)      |  0(0)  | 0(0) |     0(0)     |       0(0)       |   0(0)    |       0(0)       |     2(2)     |   0(0)   |      0(0)       |
|       +syncreg_13                              |      2(2)      |  0(0)  | 0(0) |     0(0)     |       0(0)       |   0(0)    |       0(0)       |     2(2)     |   0(0)   |      0(0)       |
|       +syncreg_14                              |      2(2)      |  0(0)  | 0(0) |     0(0)     |       0(0)       |   0(0)    |       0(0)       |     2(2)     |   0(0)   |      0(0)       |
|       +syncreg_15                              |      2(2)      |  0(0)  | 0(0) |     0(0)     |       0(0)       |   0(0)    |       0(0)       |     2(2)     |   0(0)   |      0(0)       |
|       +syncreg_16                              |      2(2)      |  0(0)  | 0(0) |     0(0)     |       0(0)       |   0(0)    |       0(0)       |     2(2)     |   0(0)   |      0(0)       |
|       +syncreg_17                              |      2(2)      |  0(0)  | 0(0) |     0(0)     |       0(0)       |   0(0)    |       0(0)       |     2(2)     |   0(0)   |      0(0)       |
|       +syncreg_18                              |      2(2)      |  0(0)  | 0(0) |     0(0)     |       0(0)       |   0(0)    |       0(0)       |     2(2)     |   0(0)   |      0(0)       |
|       +syncreg_2                               |      2(2)      |  0(0)  | 0(0) |     0(0)     |       0(0)       |   0(0)    |       0(0)       |     2(2)     |   0(0)   |      0(0)       |
|       +syncreg_20                              |      4(4)      |  0(0)  | 0(0) |     0(0)     |       0(0)       |   0(0)    |       0(0)       |     4(4)     |   0(0)   |      0(0)       |
|       +syncreg_23                              |      2(2)      |  0(0)  | 0(0) |     0(0)     |       0(0)       |   0(0)    |       0(0)       |     2(2)     |   0(0)   |      0(0)       |
|       +syncreg_24                              |      2(2)      |  0(0)  | 0(0) |     0(0)     |       0(0)       |   0(0)    |       0(0)       |     2(2)     |   0(0)   |      0(0)       |
|       +syncreg_25                              |      2(2)      |  0(0)  | 0(0) |     0(0)     |       0(0)       |   0(0)    |       0(0)       |     2(2)     |   0(0)   |      0(0)       |
|       +syncreg_26                              |      2(2)      |  0(0)  | 0(0) |     0(0)     |       0(0)       |   0(0)    |       0(0)       |     2(2)     |   0(0)   |      0(0)       |
|       +syncreg_3                               |      2(2)      |  0(0)  | 0(0) |     0(0)     |       0(0)       |   0(0)    |       0(0)       |     2(2)     |   0(0)   |      0(0)       |
|       +syncreg_4                               |      2(2)      |  0(0)  | 0(0) |     0(0)     |       0(0)       |   0(0)    |       0(0)       |     2(2)     |   0(0)   |      0(0)       |
|       +syncreg_5                               |      2(2)      |  0(0)  | 0(0) |     0(0)     |       0(0)       |   0(0)    |       0(0)       |     2(2)     |   0(0)   |      0(0)       |
|       +syncreg_6                               |      2(2)      |  0(0)  | 0(0) |     0(0)     |       0(0)       |   0(0)    |       0(0)       |     2(2)     |   0(0)   |      0(0)       |
|       +syncreg_7                               |      2(2)      |  0(0)  | 0(0) |     0(0)     |       0(0)       |   0(0)    |       0(0)       |     2(2)     |   0(0)   |      0(0)       |
|       +syncreg_8                               |      2(2)      |  0(0)  | 0(0) |     0(0)     |       0(0)       |   0(0)    |       0(0)       |     2(2)     |   0(0)   |      0(0)       |
|       +syncreg_9                               |      2(2)      |  0(0)  | 0(0) |     0(0)     |       0(0)       |   0(0)    |       0(0)       |     2(2)     |   0(0)   |      0(0)       |
|       +syncreg_fifowr_done                     |      2(2)      |  0(0)  | 0(0) |     0(0)     |       0(0)       |   0(0)    |       0(0)       |     2(2)     |   0(0)   |      0(0)       |
|       +syncreg_fifo_buffer                     |      2(2)      |  0(0)  | 0(0) |     0(0)     |       0(0)       |   0(0)    |       0(0)       |     2(2)     |   0(0)   |      0(0)       |
|       +u1_inst                                 |     171(0)     | 32(0)  | 0(0) |    22(0)     |      48(0)       |   15(0)   |      24(0)       |    62(0)     |   0(0)   |      0(0)       |
|        +genblk2.genblk1.efx_resetsync_rd_rst   |      2(0)      |  0(0)  | 0(0) |     0(0)     |       0(0)       |   0(0)    |       0(0)       |     2(0)     |   0(0)   |      0(0)       |
|         +active_high.efx_resetsync_active_high |      2(2)      |  0(0)  | 0(0) |     0(0)     |       0(0)       |   0(0)    |       0(0)       |     2(2)     |   0(0)   |      0(0)       |
|        +genblk2.genblk1.efx_resetsync_wr_rst   |      2(0)      |  0(0)  | 0(0) |     0(0)     |       0(0)       |   0(0)    |       0(0)       |     2(0)     |   0(0)   |      0(0)       |
|         +active_high.efx_resetsync_active_high |      2(2)      |  0(0)  | 0(0) |     0(0)     |       0(0)       |   0(0)    |       0(0)       |     2(2)     |   0(0)   |      0(0)       |
|        +xefx_fifo_ctl                          |    167(91)     |  0(0)  | 0(0) |    22(22)    |      48(24)      |  15(15)   |      24(24)      |    58(6)     |   0(0)   |      0(0)       |
|         +async_clk.wr2rd_addr_sync             |     26(26)     |  0(0)  | 0(0) |     0(0)     |       0(0)       |   0(0)    |       0(0)       |    26(26)    |   0(0)   |      0(0)       |
|         +async_clk.wr2rd_bin2gray              |      6(6)      |  0(0)  | 0(0) |     0(0)     |       6(6)       |   0(0)    |       0(0)       |     0(0)     |   0(0)   |      0(0)       |
|         +async_clk.wr2rd_gray2bin              |     6(0.5)     |  0(0)  | 0(0) |     0(0)     |      6(0.5)      |   0(0)    |       0(0)       |     0(0)     |   0(0)   |      0(0)       |
|          +genblk1.genblk1.u_gray2bin           |    5.5(0.5)    |  0(0)  | 0(0) |     0(0)     |     5.5(0.5)     |   0(0)    |       0(0)       |     0(0)     |   0(0)   |      0(0)       |
|           +genblk1.genblk1.u_gray2bin          |     5(0.5)     |  0(0)  | 0(0) |     0(0)     |      5(0.5)      |   0(0)    |       0(0)       |     0(0)     |   0(0)   |      0(0)       |
|            +genblk1.genblk1.u_gray2bin         |    4.5(0.5)    |  0(0)  | 0(0) |     0(0)     |     4.5(0.5)     |   0(0)    |       0(0)       |     0(0)     |   0(0)   |      0(0)       |
|             +genblk1.genblk1.u_gray2bin        |     4(0.5)     |  0(0)  | 0(0) |     0(0)     |      4(0.5)      |   0(0)    |       0(0)       |     0(0)     |   0(0)   |      0(0)       |
|              +genblk1.genblk1.u_gray2bin       |    3.5(0.5)    |  0(0)  | 0(0) |     0(0)     |     3.5(0.5)     |   0(0)    |       0(0)       |     0(0)     |   0(0)   |      0(0)       |
|               +genblk1.genblk1.u_gray2bin      |     3(0.5)     |  0(0)  | 0(0) |     0(0)     |      3(0.5)      |   0(0)    |       0(0)       |     0(0)     |   0(0)   |      0(0)       |
|                +genblk1.genblk1.u_gray2bin     |    2.5(0.5)    |  0(0)  | 0(0) |     0(0)     |     2.5(0.5)     |   0(0)    |       0(0)       |     0(0)     |   0(0)   |      0(0)       |
|                 +genblk1.genblk1.u_gray2bin    |     2(0.5)     |  0(0)  | 0(0) |     0(0)     |      2(0.5)      |   0(0)    |       0(0)       |     0(0)     |   0(0)   |      0(0)       |
|                  +genblk1.genblk1.u_gray2bin   |    1.5(0.5)    |  0(0)  | 0(0) |     0(0)     |     1.5(0.5)     |   0(0)    |       0(0)       |     0(0)     |   0(0)   |      0(0)       |
|                   +genblk1.genblk1.u_gray2bin  |     1(0.5)     |  0(0)  | 0(0) |     0(0)     |      1(0.5)      |   0(0)    |       0(0)       |     0(0)     |   0(0)   |      0(0)       |
|                    +genblk1.genblk1.u_gray2bin |    0.5(0.5)    |  0(0)  | 0(0) |     0(0)     |     0.5(0.5)     |   0(0)    |       0(0)       |     0(0)     |   0(0)   |      0(0)       |
|         +async_clk.xrd2wr_addr_sync            |     26(26)     |  0(0)  | 0(0) |     0(0)     |       0(0)       |   0(0)    |       0(0)       |    26(26)    |   0(0)   |      0(0)       |
|         +async_clk.xrd2wr_bin2gray             |      6(6)      |  0(0)  | 0(0) |     0(0)     |       6(6)       |   0(0)    |       0(0)       |     0(0)     |   0(0)   |      0(0)       |
|         +async_clk.xrd2wr_gray2bin             |     6(0.5)     |  0(0)  | 0(0) |     0(0)     |      6(0.5)      |   0(0)    |       0(0)       |     0(0)     |   0(0)   |      0(0)       |
|          +genblk1.genblk1.u_gray2bin           |    5.5(0.5)    |  0(0)  | 0(0) |     0(0)     |     5.5(0.5)     |   0(0)    |       0(0)       |     0(0)     |   0(0)   |      0(0)       |
|           +genblk1.genblk1.u_gray2bin          |     5(0.5)     |  0(0)  | 0(0) |     0(0)     |      5(0.5)      |   0(0)    |       0(0)       |     0(0)     |   0(0)   |      0(0)       |
|            +genblk1.genblk1.u_gray2bin         |    4.5(0.5)    |  0(0)  | 0(0) |     0(0)     |     4.5(0.5)     |   0(0)    |       0(0)       |     0(0)     |   0(0)   |      0(0)       |
|             +genblk1.genblk1.u_gray2bin        |     4(0.5)     |  0(0)  | 0(0) |     0(0)     |      4(0.5)      |   0(0)    |       0(0)       |     0(0)     |   0(0)   |      0(0)       |
|              +genblk1.genblk1.u_gray2bin       |    3.5(0.5)    |  0(0)  | 0(0) |     0(0)     |     3.5(0.5)     |   0(0)    |       0(0)       |     0(0)     |   0(0)   |      0(0)       |
|               +genblk1.genblk1.u_gray2bin      |     3(0.5)     |  0(0)  | 0(0) |     0(0)     |      3(0.5)      |   0(0)    |       0(0)       |     0(0)     |   0(0)   |      0(0)       |
|                +genblk1.genblk1.u_gray2bin     |    2.5(0.5)    |  0(0)  | 0(0) |     0(0)     |     2.5(0.5)     |   0(0)    |       0(0)       |     0(0)     |   0(0)   |      0(0)       |
|                 +genblk1.genblk1.u_gray2bin    |     2(0.5)     |  0(0)  | 0(0) |     0(0)     |      2(0.5)      |   0(0)    |       0(0)       |     0(0)     |   0(0)   |      0(0)       |
|                  +genblk1.genblk1.u_gray2bin   |    1.5(0.5)    |  0(0)  | 0(0) |     0(0)     |     1.5(0.5)     |   0(0)    |       0(0)       |     0(0)     |   0(0)   |      0(0)       |
|                   +genblk1.genblk1.u_gray2bin  |     1(0.5)     |  0(0)  | 0(0) |     0(0)     |      1(0.5)      |   0(0)    |       0(0)       |     0(0)     |   0(0)   |      0(0)       |
|                    +genblk1.genblk1.u_gray2bin |    0.5(0.5)    |  0(0)  | 0(0) |     0(0)     |     0.5(0.5)     |   0(0)    |       0(0)       |     0(0)     |   0(0)   |      0(0)       |
|        +xefx_fifo_ram                          |      0(0)      | 32(32) | 0(0) |     0(0)     |       0(0)       |   0(0)    |       0(0)       |     0(0)     |   0(0)   |      0(0)       |
|      +syncreg_1                                |      2(2)      |  0(0)  | 0(0) |     0(0)     |       0(0)       |   0(0)    |       0(0)       |     2(2)     |   0(0)   |      0(0)       |
|      +syncreg_2                                |      8(8)      |  0(0)  | 0(0) |     0(0)     |       0(0)       |   0(0)    |       0(0)       |     8(8)     |   0(0)   |      0(0)       |
|     +dphy_rx_inst                              |    1128(4)     |  0(0)  | 0(0) |    619(4)    |      157(0)      |   48(0)   |       0(0)       |    304(0)    |   0(0)   |      0(0)       |
|      +genblk3[0].rx_dlane_fsm_inst             |    111(111)    |  0(0)  | 0(0) |    66(66)    |      26(26)      |  12(12)   |       0(0)       |     7(7)     |   0(0)   |      0(0)       |
|      +genblk3[0].rx_dword_align_inst           |  174.5(174.5)  |  0(0)  | 0(0) |    93(93)    |    12.5(12.5)    |   0(0)    |       0(0)       |    69(69)    |   0(0)   |      0(0)       |
|      +genblk3[1].rx_dlane_fsm_inst             |    114(114)    |  0(0)  | 0(0) |    69(69)    |      26(26)      |  12(12)   |       0(0)       |     7(7)     |   0(0)   |      0(0)       |
|      +genblk3[1].rx_dword_align_inst           |  162.5(162.5)  |  0(0)  | 0(0) |    81(81)    |    12.5(12.5)    |   0(0)    |       0(0)       |    69(69)    |   0(0)   |      0(0)       |
|      +genblk3[2].rx_dlane_fsm_inst             |    117(117)    |  0(0)  | 0(0) |    69(69)    |      29(29)      |  12(12)   |       0(0)       |     7(7)     |   0(0)   |      0(0)       |
|      +genblk3[2].rx_dword_align_inst           |  165.5(165.5)  |  0(0)  | 0(0) |    84(84)    |    12.5(12.5)    |   0(0)    |       0(0)       |    69(69)    |   0(0)   |      0(0)       |
|      +genblk3[3].rx_dlane_fsm_inst             |    113(113)    |  0(0)  | 0(0) |    68(68)    |      26(26)      |  12(12)   |       0(0)       |     7(7)     |   0(0)   |      0(0)       |
|      +genblk3[3].rx_dword_align_inst           |  166.5(166.5)  |  0(0)  | 0(0) |    85(85)    |    12.5(12.5)    |   0(0)    |       0(0)       |    69(69)    |   0(0)   |      0(0)       |
|   +inst_pixel_clk_rst                          |      3(3)      |  0(0)  | 0(0) |     0(0)     |       0(0)       |   0(0)    |       0(0)       |     3(3)     |   0(0)   |      0(0)       |
|   +inst_rx_byteclk_rst                         |      3(3)      |  0(0)  | 0(0) |     0(0)     |       0(0)       |   0(0)    |       0(0)       |     3(3)     |   0(0)   |      0(0)       |
|   +u2_i2c_master_ctrl_top                      |    406.5(0)    |  2(0)  | 0(0) |    187(0)    |     141.5(0)     |   17(0)   |       0(0)       |    61(0)     |   0(0)   |      0(0)       |
|    +i2c_top_inst                               |   267(92.5)    |  0(0)  | 0(0) |   113(38)    |     83(24.5)     |   17(0)   |       0(0)       |    54(30)    |   0(0)   |      0(0)       |
|     +byte_controller                           |  174.5(54.5)   |  0(0)  | 0(0) |    75(30)    |    58.5(23.5)    |   17(0)   |       0(0)       |    24(1)     |   0(0)   |      0(0)       |
|      +bit_controller                           |    120(120)    |  0(0)  | 0(0) |    45(45)    |      35(35)      |  17(17)   |       0(0)       |    23(23)    |   0(0)   |      0(0)       |
|    +u_i2c_ctrl                                 |    114(114)    |  0(0)  | 0(0) |    63(63)    |      48(48)      |   0(0)    |       0(0)       |     3(3)     |   0(0)   |      0(0)       |
|    +u_reg_set                                  |   25.5(25.5)   |  2(0)  | 0(0) |    11(11)    |    10.5(10.5)    |   0(0)    |       0(0)       |     4(4)     |   0(0)   |      0(0)       |
|     +u_user_rom                                |      0(0)      |  2(2)  | 0(0) |     0(0)     |       0(0)       |   0(0)    |       0(0)       |     0(0)     |   0(0)   |      0(0)       |
|   +vid_info_det_inst                           |  261.5(261.5)  |  0(0)  | 0(0) |    49(49)    |    57.5(57.5)    |  54(54)   |       0(0)       |   101(101)   |   0(0)   |      0(0)       |
|  +ur_axi_interconnect                          |    586(584)    |  0(0)  | 0(0) |    18(17)    |     555(555)     |   9(9)    |       0(0)       |     4(3)     |   0(0)   |      0(0)       |
|   +arb_inst                                    |      2(2)      |  0(0)  | 0(0) |     1(1)     |       0(0)       |   0(0)    |       0(0)       |     1(1)     |   0(0)   |      0(0)       |
|  +uw_axi_interconnect                          |   1117(1115)   |  0(0)  | 0(0) |    28(27)    |     534(534)     |   9(9)    |       0(0)       |   546(545)   |   0(0)   |      0(0)       |
|   +arb_inst                                    |      2(2)      |  0(0)  | 0(0) |     1(1)     |       0(0)       |   0(0)    |       0(0)       |     1(1)     |   0(0)   |      0(0)       |
|  +u_color_detector                             |    828(828)    |  0(0)  | 0(0) |   473(473)   |   127.5(127.5)   | 193(193)  |    33.5(33.5)    |     1(1)     |   0(0)   |      0(0)       |
|  +u_fast_color_detect_timer                    |    539(539)    |  0(0)  | 0(0) |   431(431)   |      65(65)      |  43(43)   |       0(0)       |     0(0)     |   0(0)   |      0(0)       |
|  +u_frame_buffer                               |  3425.5(5.5)   | 61(0)  | 0(0) |    622(0)    |    627.5(0.5)    |  240(0)   |      249(0)      |   1687(5)    |   0(0)   |      0(0)       |
|   +fifo_d512t128_inst                          |   573.5(7.5)   | 33(0)  | 0(0) |    208(6)    |    195.5(1.5)    |   2(0)    |      64(0)       |    104(0)    |   0(0)   |      0(0)       |
|    +par2ser_512t128_inst                       |    266(266)    |  0(0)  | 0(0) |   132(132)   |     134(134)     |   0(0)    |       0(0)       |     0(0)     |   0(0)   |      0(0)       |
|    +u_rd_fifo                                  |     151(0)     | 26(0)  | 0(0) |    36(0)     |      30(0)       |   1(0)    |      32(0)       |    52(0)     |   0(0)   |      0(0)       |
|     +DC_FIFO_inst                              |    151(32)     | 26(0)  | 0(0) |    36(6)     |      30(2)       |   1(0)    |      32(24)      |    52(0)     |   0(0)   |      0(0)       |
|      +mlab_inst                                |      0(0)      | 26(26) | 0(0) |     0(0)     |       0(0)       |   0(0)    |       0(0)       |     0(0)     |   0(0)   |      0(0)       |
|      +rd2wr                                    |     24(24)     |  0(0)  | 0(0) |     0(0)     |       0(0)       |   0(0)    |       0(0)       |    24(24)    |   0(0)   |      0(0)       |
|      +rd_adder                                 |     19(19)     |  0(0)  | 0(0) |    15(15)    |       0(0)       |   0(0)    |       4(4)       |     0(0)     |   0(0)   |      0(0)       |
|      +rd_b2g                                   |      8(8)      |  0(0)  | 0(0) |     0(0)     |       7(7)       |   0(0)    |       0(0)       |     1(1)     |   0(0)   |      0(0)       |
|      +rd_g2b                                   |      8(8)      |  0(0)  | 0(0) |     0(0)     |       7(7)       |   0(0)    |       0(0)       |     1(1)     |   0(0)   |      0(0)       |
|      +wr2rd                                    |     24(24)     |  0(0)  | 0(0) |     0(0)     |       0(0)       |   0(0)    |       0(0)       |    24(24)    |   0(0)   |      0(0)       |
|      +wr_adder                                 |     20(20)     |  0(0)  | 0(0) |    15(15)    |       0(0)       |   1(1)    |       4(4)       |     0(0)     |   0(0)   |      0(0)       |
|      +wr_b2g                                   |      8(8)      |  0(0)  | 0(0) |     0(0)     |       7(7)       |   0(0)    |       0(0)       |     1(1)     |   0(0)   |      0(0)       |
|      +wr_g2b                                   |      8(8)      |  0(0)  | 0(0) |     0(0)     |       7(7)       |   0(0)    |       0(0)       |     1(1)     |   0(0)   |      0(0)       |
|    +u_rd_fifo1                                 |     149(0)     |  7(0)  | 0(0) |    34(0)     |      30(0)       |   1(0)    |      32(0)       |    52(0)     |   0(0)   |      0(0)       |
|     +DC_FIFO_inst                              |    149(30)     |  7(0)  | 0(0) |    34(4)     |      30(2)       |   1(0)    |      32(24)      |    52(0)     |   0(0)   |      0(0)       |
|      +mlab_inst                                |      0(0)      |  7(7)  | 0(0) |     0(0)     |       0(0)       |   0(0)    |       0(0)       |     0(0)     |   0(0)   |      0(0)       |
|      +rd2wr                                    |     24(24)     |  0(0)  | 0(0) |     0(0)     |       0(0)       |   0(0)    |       0(0)       |    24(24)    |   0(0)   |      0(0)       |
|      +rd_adder                                 |     19(19)     |  0(0)  | 0(0) |    15(15)    |       0(0)       |   0(0)    |       4(4)       |     0(0)     |   0(0)   |      0(0)       |
|      +rd_b2g                                   |      8(8)      |  0(0)  | 0(0) |     0(0)     |       7(7)       |   0(0)    |       0(0)       |     1(1)     |   0(0)   |      0(0)       |
|      +rd_g2b                                   |      8(8)      |  0(0)  | 0(0) |     0(0)     |       7(7)       |   0(0)    |       0(0)       |     1(1)     |   0(0)   |      0(0)       |
|      +wr2rd                                    |     24(24)     |  0(0)  | 0(0) |     0(0)     |       0(0)       |   0(0)    |       0(0)       |    24(24)    |   0(0)   |      0(0)       |
|      +wr_adder                                 |     20(20)     |  0(0)  | 0(0) |    15(15)    |       0(0)       |   1(1)    |       4(4)       |     0(0)     |   0(0)   |      0(0)       |
|      +wr_b2g                                   |      8(8)      |  0(0)  | 0(0) |     0(0)     |       7(7)       |   0(0)    |       0(0)       |     1(1)     |   0(0)   |      0(0)       |
|      +wr_g2b                                   |      8(8)      |  0(0)  | 0(0) |     0(0)     |       7(7)       |   0(0)    |       0(0)       |     1(1)     |   0(0)   |      0(0)       |
|   +rst_n_o_clk                                 |    2.5(2.5)    |  0(0)  | 0(0) |     0(0)     |     0.5(0.5)     |   0(0)    |       0(0)       |     2(2)     |   0(0)   |      0(0)       |
|   +rst_n_piple_inst                            |      2(2)      |  0(0)  | 0(0) |     0(0)     |       0(0)       |   0(0)    |       0(0)       |     2(2)     |   0(0)   |      0(0)       |
|   +u_data_tx                                   |  297.5(109.5)  |  2(0)  | 0(0) |    90(45)    |    80.5(42.5)    |   1(0)    |      40(0)       |    86(22)    |   0(0)   |      0(0)       |
|    +u_rd_fifo                                  |     188(0)     |  2(0)  | 0(0) |    45(0)     |      38(0)       |   1(0)    |      40(0)       |    64(0)     |   0(0)   |      0(0)       |
|     +DC_FIFO_inst                              |    188(39)     |  2(0)  | 0(0) |    45(7)     |      38(2)       |   1(0)    |      40(30)      |    64(0)     |   0(0)   |      0(0)       |
|      +mlab_inst                                |      0(0)      |  2(2)  | 0(0) |     0(0)     |       0(0)       |   0(0)    |       0(0)       |     0(0)     |   0(0)   |      0(0)       |
|      +rd2wr                                    |     30(30)     |  0(0)  | 0(0) |     0(0)     |       0(0)       |   0(0)    |       0(0)       |    30(30)    |   0(0)   |      0(0)       |
|      +rd_adder                                 |     24(24)     |  0(0)  | 0(0) |    19(19)    |       0(0)       |   0(0)    |       5(5)       |     0(0)     |   0(0)   |      0(0)       |
|      +rd_b2g                                   |     10(10)     |  0(0)  | 0(0) |     0(0)     |       9(9)       |   0(0)    |       0(0)       |     1(1)     |   0(0)   |      0(0)       |
|      +rd_g2b                                   |     10(10)     |  0(0)  | 0(0) |     0(0)     |       9(9)       |   0(0)    |       0(0)       |     1(1)     |   0(0)   |      0(0)       |
|      +wr2rd                                    |     30(30)     |  0(0)  | 0(0) |     0(0)     |       0(0)       |   0(0)    |       0(0)       |    30(30)    |   0(0)   |      0(0)       |
|      +wr_adder                                 |     25(25)     |  0(0)  | 0(0) |    19(19)    |       0(0)       |   1(1)    |       5(5)       |     0(0)     |   0(0)   |      0(0)       |
|      +wr_b2g                                   |     10(10)     |  0(0)  | 0(0) |     0(0)     |       9(9)       |   0(0)    |       0(0)       |     1(1)     |   0(0)   |      0(0)       |
|      +wr_g2b                                   |     10(10)     |  0(0)  | 0(0) |     0(0)     |       9(9)       |   0(0)    |       0(0)       |     1(1)     |   0(0)   |      0(0)       |
|   +u_ddr_buffer                                |   1437.5(0)    | 26(0)  | 0(0) |    268(0)    |     180.5(0)     |  214(0)   |      124(0)      |    651(0)    |   0(0)   |      0(0)       |
|    +ddr_rd_buffer_inst                         |    855(855)    |  0(0)  | 0(0) |    74(74)    |      66(66)      | 118(118)  |      46(46)      |   551(551)   |   0(0)   |      0(0)       |
|    +ddr_wr_buffer_inst                         |  561.5(408.5)  | 26(0)  | 0(0) |   189(151)   |   110.5(80.5)    |  96(95)   |      78(46)      |    88(36)    |   0(0)   |      0(0)       |
|     +u_wr_fifo                                 |     153(0)     | 26(0)  | 0(0) |    38(0)     |      30(0)       |   1(0)    |      32(0)       |    52(0)     |   0(0)   |      0(0)       |
|      +DC_FIFO_inst                             |    153(34)     | 26(0)  | 0(0) |    38(8)     |      30(2)       |   1(0)    |      32(24)      |    52(0)     |   0(0)   |      0(0)       |
|       +mlab_inst                               |      0(0)      | 26(26) | 0(0) |     0(0)     |       0(0)       |   0(0)    |       0(0)       |     0(0)     |   0(0)   |      0(0)       |
|       +rd2wr                                   |     24(24)     |  0(0)  | 0(0) |     0(0)     |       0(0)       |   0(0)    |       0(0)       |    24(24)    |   0(0)   |      0(0)       |
|       +rd_adder                                |     19(19)     |  0(0)  | 0(0) |    15(15)    |       0(0)       |   0(0)    |       4(4)       |     0(0)     |   0(0)   |      0(0)       |
|       +rd_b2g                                  |      8(8)      |  0(0)  | 0(0) |     0(0)     |       7(7)       |   0(0)    |       0(0)       |     1(1)     |   0(0)   |      0(0)       |
|       +rd_g2b                                  |      8(8)      |  0(0)  | 0(0) |     0(0)     |       7(7)       |   0(0)    |       0(0)       |     1(1)     |   0(0)   |      0(0)       |
|       +wr2rd                                   |     24(24)     |  0(0)  | 0(0) |     0(0)     |       0(0)       |   0(0)    |       0(0)       |    24(24)    |   0(0)   |      0(0)       |
|       +wr_adder                                |     20(20)     |  0(0)  | 0(0) |    15(15)    |       0(0)       |   1(1)    |       4(4)       |     0(0)     |   0(0)   |      0(0)       |
|       +wr_b2g                                  |      8(8)      |  0(0)  | 0(0) |     0(0)     |       7(7)       |   0(0)    |       0(0)       |     1(1)     |   0(0)   |      0(0)       |
|       +wr_g2b                                  |      8(8)      |  0(0)  | 0(0) |     0(0)     |       7(7)       |   0(0)    |       0(0)       |     1(1)     |   0(0)   |      0(0)       |
|    +u_bank_sw                                  |     21(21)     |  0(0)  | 0(0) |     5(5)     |       4(4)       |   0(0)    |       0(0)       |    12(12)    |   0(0)   |      0(0)       |
|   +u_par2ser_parse                             |     274(0)     |  0(0)  | 0(0) |     8(0)     |      134(0)      |   0(0)    |       0(0)       |    132(0)    |   0(0)   |      0(0)       |
|    +u_par2ser_128_16                           |    274(274)    |  0(0)  | 0(0) |     8(8)     |     134(134)     |   0(0)    |       0(0)       |   132(132)   |   0(0)   |      0(0)       |
|   +u_vid_rx_align                              |     833(0)     |  0(0)  | 0(0) |    48(0)     |      36(0)       |   23(0)   |      21(0)       |    705(0)    |   0(0)   |      0(0)       |
|    +ser2par_24_128_inst                        |    139(139)    |  0(0)  | 0(0) |     4(4)     |       4(4)       |   0(0)    |       0(0)       |   131(131)   |   0(0)   |      0(0)       |
|    +ser2par_inst                               |    521(521)    |  0(0)  | 0(0) |     4(4)     |       4(4)       |   0(0)    |       0(0)       |   513(513)   |   0(0)   |      0(0)       |
|    +u_frame_info_det                           |    173(173)    |  0(0)  | 0(0) |    40(40)    |      28(28)      |  23(23)   |      21(21)      |    61(61)    |   0(0)   |      0(0)       |
|  +u_hdmi_result_ui                             |  3481.5(1488)  |  0(0)  | 0(0) |  2736(1371)  |    253.5(25)     |  266(63)  |      59(0)       |   167(29)    |   0(0)   |      0(0)       |
|   +hdmi_top_inst                               |   740(13.5)    |  0(0)  | 0(0) |    247(0)    |    166(13.5)     |  141(0)   |      59(0)       |    127(0)    |   0(0)   |      0(0)       |
|    +color_bar_rgb_inst                         |    129(129)    |  0(0)  | 0(0) |    74(74)    |      38(38)      |   0(0)    |       5(5)       |    12(12)    |   0(0)   |      0(0)       |
|    +dvi_encoder_m0                             |    388.5(0)    |  0(0)  | 0(0) |    126(0)    |     112.5(0)     |  141(0)   |       0(0)       |     9(0)     |   0(0)   |      0(0)       |
|     +encb                                      |    131(131)    |  0(0)  | 0(0) |    42(42)    |      38(38)      |  47(47)   |       0(0)       |     4(4)     |   0(0)   |      0(0)       |
|     +encg                                      |  129.5(129.5)  |  0(0)  | 0(0) |    42(42)    |    37.5(37.5)    |  47(47)   |       0(0)       |     3(3)     |   0(0)   |      0(0)       |
|     +encr                                      |    128(128)    |  0(0)  | 0(0) |    42(42)    |      37(37)      |  47(47)   |       0(0)       |     2(2)     |   0(0)   |      0(0)       |
|    +inst_rx_byteclk_rst                        |      3(3)      |  0(0)  | 0(0) |     0(0)     |       0(0)       |   0(0)    |       0(0)       |     3(3)     |   0(0)   |      0(0)       |
|    +vid_info_det_inst                          |    206(206)    |  0(0)  | 0(0) |    47(47)    |       2(2)       |   0(0)    |      54(54)      |   103(103)   |   0(0)   |      0(0)       |
|   +u_hdmi_ui_timing                            |     59(59)     |  0(0)  | 0(0) |    18(18)    |      23(23)      |  18(18)   |       0(0)       |     0(0)     |   0(0)   |      0(0)       |
|   +u_ui_font_overlay                           | 1164.5(1164.5) |  0(0)  | 0(0) |  1079(1079)  |    39.5(39.5)    |  38(38)   |       0(0)       |     8(8)     |   0(0)   |      0(0)       |
|   +u_ui_mode_latch                             |      3(3)      |  0(0)  | 0(0) |     0(0)     |       0(0)       |   0(0)    |       0(0)       |     3(3)     |   0(0)   |      0(0)       |
|   +u_ui_shape_renderer                         |     27(27)     |  0(0)  | 0(0) |    21(21)    |       0(0)       |   6(6)    |       0(0)       |     0(0)     |   0(0)   |      0(0)       |
|  +u_result_cdc                                 |    158(158)    |  0(0)  | 0(0) |     1(1)     |       1(1)       |   0(0)    |       0(0)       |   156(156)   |   0(0)   |      0(0)       |
|  +u_shape_detect_timer                         |    249(249)    |  0(0)  | 0(0) |   141(141)   |      65(65)      |  43(43)   |       0(0)       |     0(0)     |   0(0)   |      0(0)       |
|  +u_shape_recognition_core                     | 27122(16180.5) |  0(0)  | 0(0) | 12231(1525)  |    221(194.5)    |  241(42)  |       6(3)       | 14423(14416) |   0(0)   |      0(0)       |
|   +u_shape_classifier                          |  114.5(114.5)  |  0(0)  | 0(0) |    13(13)    |     1.5(1.5)     | 100(100)  |       0(0)       |     0(0)     |   0(0)   |      0(0)       |
|   +u_shape_page_ctrl                           |     69(69)     |  0(0)  | 0(0) |    12(12)    |      25(25)      |  25(25)   |       0(0)       |     7(7)     |   0(0)   |      0(0)       |
|   +u_shape_scanner                             |  10758(10758)  |  0(0)  | 0(0) | 10681(10681) |       0(0)       |  74(74)   |       3(3)       |     0(0)     |   0(0)   |      0(0)       |
|  +u_system_startup_ctrl                        |     43(43)     |  0(0)  | 0(0) |     4(4)     |      11(11)      |   7(7)    |      20(20)      |     1(1)     |   0(0)   |      0(0)       |
+------------------------------------------------+----------------+--------+------+--------------+------------------+-----------+------------------+--------------+----------+-----------------+

----------- Module Resource Usage Distribution Estimates (end) ----------

